// Jest Snapshot v1, https://goo.gl/fbAQLP

exports[`ImageCard component snapshot 1`] = `
.c1 {
  max-width: 100%;
}

.c0 {
  -webkit-filter: blur(5px);
  filter: blur(5px);
}

<div>
  <div
    class="c0"
  >
    <img
      alt="Logo"
      class="c1"
      src="https://upload.wikimedia.org/wikipedia/commons/thumb/b/b6/Image_created_with_a_mobile_phone.png/440px-Image_created_with_a_mobile_phone.png"
    />
  </div>
</div>
`;
